node : C:\Users\bruno\
AndroidStudioProjects\
guaruja_geo_lab\tests\
run_tests.node.js:117
No linha:1 caractere:1
+ node tests/run_tests
.node.js > 
test_output.txt 2>&1
+ ~~~~~~~~~~~~~~~~~~~~
~~~~~~~~~~~~~~~~~~~~~~
~~~~~~~~~
    + CategoryInfo    
          : NotSpeci  
  fied: (C:\Users\b   
 runo\...sts.node.    
js:117:String) []    
, RemoteException
    + FullyQualifiedE 
   rrorId : NativeCo  
  mmandError
 
        const type = 
await checkAndFixUnitT
ype(unit);
                     ^

ReferenceError: 
checkAndFixUnitType 
is not defined
    at C:\Users\bruno\
AndroidStudioProjects\
guaruja_geo_lab\tests\
run_tests.node.js:117:
22
    at it (C:\Users\br
uno\AndroidStudioProje
cts\guaruja_geo_lab\te
sts\run_tests.node.js:
50:9)
    at C:\Users\bruno\
AndroidStudioProjects\
guaruja_geo_lab\tests\
run_tests.node.js:111:
5
    at describe (C:\Us
ers\bruno\AndroidStudi
oProjects\guaruja_geo_
lab\tests\run_tests.no
de.js:45:5)
    at 
Object.<anonymous> (C:
\Users\bruno\AndroidSt
udioProjects\guaruja_g
eo_lab\tests\run_tests
.node.js:109:1)
    at 
Module._compile (node:
internal/modules/cjs/l
oader:1761:14)
    at Object..js (nod
e:internal/modules/cjs
/loader:1893:10)
    at Module.load (no
de:internal/modules/cj
s/loader:1481:32)
    at Module._load (n
ode:internal/modules/c
js/loader:1300:12)
    at TracingChannel.
traceSync (node:diagno
stics_channel:328:14)

Node.js v24.12.0
